// Jest Snapshot v1, https://goo.gl/fbAQLP

exports[`Storyshots Atomic|Button all buttons 1`] = `ReactWrapper {}`;

exports[`Storyshots Atomic|Button dynamic button 1`] = `ReactWrapper {}`;

exports[`Storyshots Atomic|Input input 1`] = `ReactWrapper {}`;

exports[`Storyshots Atomic|Input states 1`] = `ReactWrapper {}`;

exports[`Storyshots Atomic|Link text link 1`] = `ReactWrapper {}`;

exports[`Storyshots Atomic|SelectList Usage and States 1`] = `ReactWrapper {}`;

exports[`Storyshots Atomic|Typography Text sizes 1`] = `ReactWrapper {}`;

exports[`Storyshots Molecules|ButtonGroup primary and secondary 1`] = `ReactWrapper {}`;

exports[`Storyshots Molecules|Form basic form + code demo 1`] = `ReactWrapper {}`;

exports[`Storyshots Molecules|Form basic form 1`] = `ReactWrapper {}`;

exports[`Storyshots Molecules|Stepper numerical  1`] = `ReactWrapper {}`;

exports[`Storyshots Molecules|ToggleButtonGroup Usage and States 1`] = `ReactWrapper {}`;

exports[`Storyshots Welcome|Storybook Welcome description 1`] = `ReactWrapper {}`;
